[Experiment] SHS27k 全量数据训练, Split=bfs, Rounds=10
[Experiment] Device=cuda

[Experiment] train=4562, val=1524, test=1538
Rnd | TrainBCE | SamReward | ValAUC |   Thr | TestAUC | TestF1mac | TestF1mic |   Time
--------------------------------------------------------------------------------------
  1 |   0.5814 |   -0.0005 | 0.5791 |  0.13 |  0.5702 |    0.4810 |    0.4992 |   350s
  2 |   0.5436 |   -0.0004 | 0.6419 |  0.07 |  0.6370 |    0.4958 |    0.5252 |   348s
  3 |   0.5375 |   -0.0001 | 0.6331 |  0.05 |  0.6286 |    0.4825 |    0.5025 |   340s
  4 |   0.5395 |   -0.0001 | 0.6384 |  0.08 |  0.6340 |    0.4863 |    0.5228 |   344s
  5 |   0.5428 |   -0.0002 | 0.6470 |  0.13 |  0.6423 |    0.4906 |    0.5263 |   340s
  6 |   0.5428 |   -0.0003 | 0.6505 |  0.17 |  0.6453 |    0.4917 |    0.5311 |   345s
  7 |   0.5390 |   -0.0005 | 0.6456 |  0.16 |  0.6398 |    0.4855 |    0.5131 |   343s
  8 |   0.5339 |   -0.0006 | 0.6494 |  0.14 |  0.6436 |    0.4946 |    0.5304 |   356s
  9 |   0.5294 |   -0.0005 | 0.6502 |  0.12 |  0.6445 |    0.4840 |    0.5300 |   344s
 10 |   0.5260 |   -0.0004 | 0.6519 |  0.11 |  0.6463 |    0.4889 |    0.5222 |   339s

[Experiment] Results saved to results/full_train_shs27k_10rounds.json

[Experiment] Summary (round 1 vs round 10):
               train_bce: 0.5814  →  0.5260
          sampler_reward: -0.0005  →  -0.0004
          test_auc_micro: 0.5702  →  0.6463
          test_auc_macro: 0.5237  →  0.6159
      test_f1_macro_best: 0.4810  →  0.4889
