[probe] building model ...

===== 随机初始化（未训练） =====
  l_0  mean=0.6792
  l_t  mean=0.6780
  l_0 - l_t (reward) mean=+0.00115
  ||Δlogits|| / ||logits||     mean=0.0136
  ||Δh_u^final|| / ||h_u(G0)|| mean=0.4547
  ||Δpairwise|| / ||pairwise|| mean=0.6075
  首层GAT 自注意力=0.4048 | 邻居注意力=0.2846 | 自/邻=1.43

[probe] training 3 rounds ...
  round 1 done in 37.1s
  round 2 done in 36.8s
  round 3 done in 36.4s

===== 3 轮交替训练后 =====
  l_0  mean=0.5623
  l_t  mean=0.5607
  l_0 - l_t (reward) mean=+0.00165
  ||Δlogits|| / ||logits||     mean=0.0180
  ||Δh_u^final|| / ||h_u(G0)|| mean=0.4404
  ||Δpairwise|| / ||pairwise|| mean=0.5798
  首层GAT 自注意力=0.4029 | 邻居注意力=0.3098 | 自/邻=1.31
